This is pdfTeX, Version 3.141592653-2.6-1.40.27 (MiKTeX 25.4) (preloaded format=pdflatex 2025.12.12)  28 MAY 2026 20:22
entering extended mode
 restricted \write18 enabled.
 file:line:error style messages enabled.
 %&-line parsing enabled.
**c:/Users/flori/Desktop/Projects/przetwarzanie-obrazow/lab06/main.tex
(c:/Users/flori/Desktop/Projects/przetwarzanie-obrazow/lab06/main.tex
LaTeX2e <2025-11-01>
L3 programming layer <2025-11-06>
)
! Emergency stop.
<*> ...ojects/przetwarzanie-obrazow/lab06/main.tex
                                                  
*** (job aborted, no legal \end found)

 
Here is how much of TeX's memory you used:
 17 strings out of 467871
 526 string characters out of 5418375
 433736 words of memory out of 5000000
 28995 multiletter control sequences out of 15000+600000
 627721 words of font info for 40 fonts, out of 8000000 for 9000
 1141 hyphenation exceptions out of 8191
 12i,0n,13p,100b,8s stack positions out of 10000i,1000n,20000p,200000b,200000s
!  ==> Fatal error occurred, no output PDF file produced!
